nohup: ignoring input
╔══════════════════════════════════════════════════════╗
║   statARB — Statistical Arbitrage Engine (Rust)      ║
╚══════════════════════════════════════════════════════╝
[INIT] Executing SQL migrations...
[INIT] Database migrations completed successfully!
[INIT] Balance: available=$291.95, total=$291.95, deployed=$0.00
[2026-07-12 15:20:16] [INFO] Recovered active positions: 0. Recovered history: 10773 trades, total PnL: $-9708.05
[HTTP] Statistical Arbitrage Engine server running on port 8093
[2026-07-12 15:20:16] [INFO] ⚡ Starting 300+ Coin Co-Integration Spread Scanner Loop...
[2026-07-12 15:20:17] [INFO] Connecting to Binance WebSocket: wss://stream.binance.com:9443/stream?streams=btcusdt@ticker/ethusdt@ticker
[2026-07-12 15:20:17] [INFO] Starting statistical arbitrage analysis loop...
[2026-07-12 15:20:17] [INFO] Starting system corrector and safety monitor loop...
[2026-07-12 15:20:17] [INFO] WebSocket connected successfully!
[2026-07-12 15:24:43] [WARN] Failed to calculate OLS regression (variance of X might be too small).
[2026-07-12 15:24:44] [WARN] Failed to calculate OLS regression (variance of X might be too small).
[2026-07-12 15:24:45] [WARN] Failed to calculate OLS regression (variance of X might be too small).
[2026-07-12 15:24:46] [WARN] Failed to calculate OLS regression (variance of X might be too small).
[2026-07-12 15:24:47] [WARN] Failed to calculate OLS regression (variance of X might be too small).
[2026-07-12 15:24:48] [WARN] Failed to calculate OLS regression (variance of X might be too small).
[2026-07-12 15:24:49] [WARN] Failed to calculate OLS regression (variance of X might be too small).
[2026-07-12 15:24:50] [WARN] Failed to calculate OLS regression (variance of X might be too small).
[2026-07-12 15:24:51] [WARN] Failed to calculate OLS regression (variance of X might be too small).
[2026-07-12 15:24:52] [WARN] Failed to calculate OLS regression (variance of X might be too small).
[2026-07-12 15:24:53] [WARN] Failed to calculate OLS regression (variance of X might be too small).
[2026-07-12 15:24:54] [WARN] Failed to calculate OLS regression (variance of X might be too small).
[2026-07-12 15:24:55] [WARN] Failed to calculate OLS regression (variance of X might be too small).
[2026-07-12 15:24:56] [WARN] Failed to calculate OLS regression (variance of X might be too small).
[2026-07-12 15:24:57] [WARN] Failed to calculate OLS regression (variance of X might be too small).
[2026-07-12 15:24:58] [WARN] Failed to calculate OLS regression (variance of X might be too small).
[2026-07-12 15:24:59] [WARN] Failed to calculate OLS regression (variance of X might be too small).
[2026-07-12 15:25:00] [WARN] Failed to calculate OLS regression (variance of X might be too small).
[2026-07-12 15:25:01] [WARN] Failed to calculate OLS regression (variance of X might be too small).
[2026-07-12 15:25:02] [WARN] Failed to calculate OLS regression (variance of X might be too small).
[2026-07-12 15:25:03] [WARN] Failed to calculate OLS regression (variance of X might be too small).
[2026-07-12 15:25:04] [WARN] Failed to calculate OLS regression (variance of X might be too small).
[2026-07-12 15:25:05] [WARN] Failed to calculate OLS regression (variance of X might be too small).
[2026-07-12 15:25:06] [WARN] Failed to calculate OLS regression (variance of X might be too small).
[2026-07-12 15:25:07] [WARN] Failed to calculate OLS regression (variance of X might be too small).
[2026-07-12 15:25:08] [WARN] Failed to calculate OLS regression (variance of X might be too small).
[2026-07-12 15:25:09] [WARN] Failed to calculate OLS regression (variance of X might be too small).
[2026-07-12 15:25:10] [WARN] Failed to calculate OLS regression (variance of X might be too small).
[2026-07-12 15:25:11] [WARN] Failed to calculate OLS regression (variance of X might be too small).
[2026-07-12 15:25:12] [WARN] Failed to calculate OLS regression (variance of X might be too small).
[2026-07-12 15:25:13] [WARN] Failed to calculate OLS regression (variance of X might be too small).
[2026-07-12 15:25:14] [WARN] Failed to calculate OLS regression (variance of X might be too small).
[2026-07-12 15:25:15] [WARN] Failed to calculate OLS regression (variance of X might be too small).
[2026-07-12 15:25:16] [WARN] Failed to calculate OLS regression (variance of X might be too small).
[2026-07-12 15:25:17] [WARN] Failed to calculate OLS regression (variance of X might be too small).
[2026-07-12 15:25:18] [WARN] Failed to calculate OLS regression (variance of X might be too small).
[2026-07-12 15:25:19] [WARN] Failed to calculate OLS regression (variance of X might be too small).
[2026-07-12 15:25:20] [WARN] Failed to calculate OLS regression (variance of X might be too small).
[2026-07-12 15:25:21] [WARN] Failed to calculate OLS regression (variance of X might be too small).
[2026-07-12 15:25:22] [WARN] Failed to calculate OLS regression (variance of X might be too small).
[2026-07-12 15:25:23] [WARN] Failed to calculate OLS regression (variance of X might be too small).
[2026-07-12 15:25:24] [WARN] Failed to calculate OLS regression (variance of X might be too small).
[2026-07-12 15:25:25] [WARN] Failed to calculate OLS regression (variance of X might be too small).
[2026-07-12 15:25:26] [WARN] Failed to calculate OLS regression (variance of X might be too small).
[2026-07-12 15:25:27] [WARN] Failed to calculate OLS regression (variance of X might be too small).
[2026-07-12 15:25:28] [WARN] Failed to calculate OLS regression (variance of X might be too small).
[2026-07-12 15:25:29] [WARN] Failed to calculate OLS regression (variance of X might be too small).
[2026-07-12 15:25:30] [WARN] Failed to calculate OLS regression (variance of X might be too small).
[2026-07-12 15:25:31] [WARN] Failed to calculate OLS regression (variance of X might be too small).
[2026-07-12 15:25:32] [WARN] Failed to calculate OLS regression (variance of X might be too small).
[2026-07-12 15:25:33] [WARN] Failed to calculate OLS regression (variance of X might be too small).
[2026-07-12 15:25:34] [WARN] Failed to calculate OLS regression (variance of X might be too small).
[2026-07-12 15:25:35] [WARN] Failed to calculate OLS regression (variance of X might be too small).
[2026-07-12 15:25:36] [WARN] Failed to calculate OLS regression (variance of X might be too small).
[2026-07-12 15:25:37] [WARN] Failed to calculate OLS regression (variance of X might be too small).
[2026-07-12 15:25:38] [WARN] Failed to calculate OLS regression (variance of X might be too small).
[2026-07-12 15:25:39] [WARN] Failed to calculate OLS regression (variance of X might be too small).
[2026-07-12 15:25:40] [WARN] Failed to calculate OLS regression (variance of X might be too small).
[2026-07-12 15:25:41] [WARN] Failed to calculate OLS regression (variance of X might be too small).
[2026-07-12 15:25:42] [WARN] Failed to calculate OLS regression (variance of X might be too small).
[2026-07-12 15:25:43] [WARN] Failed to calculate OLS regression (variance of X might be too small).
[2026-07-12 15:25:44] [WARN] Failed to calculate OLS regression (variance of X might be too small).
[2026-07-12 15:25:45] [WARN] Failed to calculate OLS regression (variance of X might be too small).
[2026-07-12 15:25:46] [WARN] Failed to calculate OLS regression (variance of X might be too small).
[2026-07-12 15:25:47] [WARN] Failed to calculate OLS regression (variance of X might be too small).
[2026-07-12 15:25:48] [WARN] Failed to calculate OLS regression (variance of X might be too small).
[2026-07-12 15:25:49] [WARN] Failed to calculate OLS regression (variance of X might be too small).
[2026-07-12 15:25:50] [WARN] Failed to calculate OLS regression (variance of X might be too small).
[2026-07-12 15:25:51] [WARN] Failed to calculate OLS regression (variance of X might be too small).
[2026-07-12 15:25:52] [WARN] Failed to calculate OLS regression (variance of X might be too small).
[2026-07-12 15:25:53] [WARN] Failed to calculate OLS regression (variance of X might be too small).
[2026-07-12 15:25:54] [WARN] Failed to calculate OLS regression (variance of X might be too small).
[2026-07-12 15:25:55] [WARN] Failed to calculate OLS regression (variance of X might be too small).
[2026-07-12 15:25:56] [WARN] Failed to calculate OLS regression (variance of X might be too small).
[2026-07-12 15:25:57] [WARN] Failed to calculate OLS regression (variance of X might be too small).
[2026-07-12 15:25:58] [WARN] Failed to calculate OLS regression (variance of X might be too small).
[2026-07-12 15:25:59] [WARN] Failed to calculate OLS regression (variance of X might be too small).
[2026-07-12 15:26:00] [WARN] Failed to calculate OLS regression (variance of X might be too small).
[2026-07-12 15:26:01] [WARN] Failed to calculate OLS regression (variance of X might be too small).
[2026-07-12 15:26:02] [WARN] Failed to calculate OLS regression (variance of X might be too small).
[2026-07-12 15:26:03] [WARN] Failed to calculate OLS regression (variance of X might be too small).
[2026-07-12 15:26:04] [WARN] Failed to calculate OLS regression (variance of X might be too small).
[2026-07-12 15:26:05] [WARN] Failed to calculate OLS regression (variance of X might be too small).
[2026-07-12 15:26:06] [WARN] Failed to calculate OLS regression (variance of X might be too small).
[2026-07-12 15:26:07] [WARN] Failed to calculate OLS regression (variance of X might be too small).
[2026-07-12 15:26:08] [WARN] Failed to calculate OLS regression (variance of X might be too small).
[2026-07-12 15:26:09] [WARN] Failed to calculate OLS regression (variance of X might be too small).
[2026-07-12 15:26:10] [WARN] Failed to calculate OLS regression (variance of X might be too small).
[2026-07-12 15:30:34] [WARN] Failed to calculate OLS regression (variance of X might be too small).
[2026-07-12 15:30:35] [WARN] Failed to calculate OLS regression (variance of X might be too small).
[2026-07-12 15:30:36] [WARN] Failed to calculate OLS regression (variance of X might be too small).
[2026-07-12 15:30:37] [WARN] Failed to calculate OLS regression (variance of X might be too small).
[2026-07-12 15:30:38] [WARN] Failed to calculate OLS regression (variance of X might be too small).
[2026-07-12 15:30:39] [WARN] Failed to calculate OLS regression (variance of X might be too small).
[2026-07-12 15:30:40] [WARN] Failed to calculate OLS regression (variance of X might be too small).
[2026-07-12 15:30:41] [WARN] Failed to calculate OLS regression (variance of X might be too small).
[2026-07-12 15:30:42] [WARN] Failed to calculate OLS regression (variance of X might be too small).
[2026-07-12 15:30:43] [WARN] Failed to calculate OLS regression (variance of X might be too small).
[2026-07-12 15:30:44] [WARN] Failed to calculate OLS regression (variance of X might be too small).
[2026-07-12 15:30:45] [WARN] Failed to calculate OLS regression (variance of X might be too small).
[2026-07-12 15:30:46] [WARN] Failed to calculate OLS regression (variance of X might be too small).
[2026-07-12 15:30:47] [WARN] Failed to calculate OLS regression (variance of X might be too small).
[2026-07-12 15:30:48] [WARN] Failed to calculate OLS regression (variance of X might be too small).
[2026-07-12 15:30:49] [WARN] Failed to calculate OLS regression (variance of X might be too small).
[2026-07-12 15:30:50] [WARN] Failed to calculate OLS regression (variance of X might be too small).
[2026-07-12 15:30:51] [WARN] Failed to calculate OLS regression (variance of X might be too small).
[2026-07-12 15:30:52] [WARN] Failed to calculate OLS regression (variance of X might be too small).
[2026-07-12 15:30:53] [WARN] Failed to calculate OLS regression (variance of X might be too small).
[2026-07-12 15:30:54] [WARN] Failed to calculate OLS regression (variance of X might be too small).
[2026-07-12 15:30:55] [WARN] Failed to calculate OLS regression (variance of X might be too small).
[2026-07-12 15:30:56] [WARN] Failed to calculate OLS regression (variance of X might be too small).
[2026-07-12 15:30:57] [WARN] Failed to calculate OLS regression (variance of X might be too small).
[2026-07-12 15:30:58] [WARN] Failed to calculate OLS regression (variance of X might be too small).
[2026-07-12 15:30:59] [WARN] Failed to calculate OLS regression (variance of X might be too small).
[2026-07-12 15:31:00] [WARN] Failed to calculate OLS regression (variance of X might be too small).
[2026-07-12 15:31:01] [WARN] Failed to calculate OLS regression (variance of X might be too small).
[2026-07-12 15:31:02] [WARN] Failed to calculate OLS regression (variance of X might be too small).
[2026-07-12 15:31:03] [WARN] Failed to calculate OLS regression (variance of X might be too small).
[2026-07-12 15:31:04] [WARN] Failed to calculate OLS regression (variance of X might be too small).
[2026-07-12 15:31:05] [WARN] Failed to calculate OLS regression (variance of X might be too small).
[2026-07-12 15:31:06] [WARN] Failed to calculate OLS regression (variance of X might be too small).
[2026-07-12 15:31:07] [WARN] Failed to calculate OLS regression (variance of X might be too small).
[2026-07-12 15:31:08] [WARN] Failed to calculate OLS regression (variance of X might be too small).
[2026-07-12 15:31:09] [WARN] Failed to calculate OLS regression (variance of X might be too small).
[2026-07-12 15:31:10] [WARN] Failed to calculate OLS regression (variance of X might be too small).
[2026-07-12 15:31:11] [WARN] Failed to calculate OLS regression (variance of X might be too small).
[2026-07-12 15:31:12] [WARN] Failed to calculate OLS regression (variance of X might be too small).
[2026-07-12 15:31:13] [WARN] Failed to calculate OLS regression (variance of X might be too small).
[2026-07-12 15:31:14] [WARN] Failed to calculate OLS regression (variance of X might be too small).
[2026-07-12 15:31:15] [WARN] Failed to calculate OLS regression (variance of X might be too small).
[2026-07-12 15:31:16] [WARN] Failed to calculate OLS regression (variance of X might be too small).
[2026-07-12 15:31:17] [WARN] Failed to calculate OLS regression (variance of X might be too small).
[2026-07-12 15:31:18] [WARN] Failed to calculate OLS regression (variance of X might be too small).
[2026-07-12 15:31:19] [WARN] Failed to calculate OLS regression (variance of X might be too small).
[2026-07-12 15:31:20] [WARN] Failed to calculate OLS regression (variance of X might be too small).
[2026-07-12 15:31:21] [WARN] Failed to calculate OLS regression (variance of X might be too small).
[2026-07-12 15:31:22] [WARN] Failed to calculate OLS regression (variance of X might be too small).
[2026-07-12 15:31:23] [WARN] Failed to calculate OLS regression (variance of X might be too small).
[2026-07-12 15:31:24] [WARN] Failed to calculate OLS regression (variance of X might be too small).
[2026-07-12 15:31:25] [WARN] Failed to calculate OLS regression (variance of X might be too small).
[2026-07-12 15:31:26] [WARN] Failed to calculate OLS regression (variance of X might be too small).
[2026-07-12 15:31:27] [WARN] Failed to calculate OLS regression (variance of X might be too small).
[2026-07-12 15:31:28] [WARN] Failed to calculate OLS regression (variance of X might be too small).
[2026-07-12 15:31:29] [WARN] Failed to calculate OLS regression (variance of X might be too small).
[2026-07-12 15:31:30] [WARN] Failed to calculate OLS regression (variance of X might be too small).
[2026-07-12 15:31:31] [WARN] Failed to calculate OLS regression (variance of X might be too small).
[2026-07-12 15:31:32] [WARN] Failed to calculate OLS regression (variance of X might be too small).
[2026-07-12 15:31:33] [WARN] Failed to calculate OLS regression (variance of X might be too small).
[2026-07-12 15:31:34] [WARN] Failed to calculate OLS regression (variance of X might be too small).
[2026-07-12 15:31:35] [WARN] Failed to calculate OLS regression (variance of X might be too small).
[2026-07-12 15:31:36] [WARN] Failed to calculate OLS regression (variance of X might be too small).
[2026-07-12 15:31:37] [WARN] Failed to calculate OLS regression (variance of X might be too small).
[2026-07-12 15:31:38] [WARN] Failed to calculate OLS regression (variance of X might be too small).
[2026-07-12 15:31:39] [WARN] Failed to calculate OLS regression (variance of X might be too small).
[2026-07-12 15:31:40] [WARN] Failed to calculate OLS regression (variance of X might be too small).
[2026-07-12 15:35:16] [WARN] Failed to calculate OLS regression (variance of X might be too small).
[2026-07-12 15:35:17] [WARN] Failed to calculate OLS regression (variance of X might be too small).
[2026-07-12 15:35:18] [WARN] Failed to calculate OLS regression (variance of X might be too small).
[2026-07-12 15:35:19] [WARN] Failed to calculate OLS regression (variance of X might be too small).
[2026-07-12 15:35:20] [WARN] Failed to calculate OLS regression (variance of X might be too small).
[2026-07-12 15:35:21] [WARN] Failed to calculate OLS regression (variance of X might be too small).
[2026-07-12 15:35:22] [WARN] Failed to calculate OLS regression (variance of X might be too small).
[2026-07-12 15:35:23] [WARN] Failed to calculate OLS regression (variance of X might be too small).
[2026-07-12 15:35:24] [WARN] Failed to calculate OLS regression (variance of X might be too small).
[2026-07-12 15:35:25] [WARN] Failed to calculate OLS regression (variance of X might be too small).
[2026-07-12 15:35:26] [WARN] Failed to calculate OLS regression (variance of X might be too small).
[2026-07-12 15:35:27] [WARN] Failed to calculate OLS regression (variance of X might be too small).
[2026-07-12 15:35:28] [WARN] Failed to calculate OLS regression (variance of X might be too small).
[2026-07-12 15:35:29] [WARN] Failed to calculate OLS regression (variance of X might be too small).
[2026-07-12 15:35:30] [WARN] Failed to calculate OLS regression (variance of X might be too small).
[2026-07-12 15:35:31] [WARN] Failed to calculate OLS regression (variance of X might be too small).
[2026-07-12 15:35:32] [WARN] Failed to calculate OLS regression (variance of X might be too small).
[2026-07-12 15:35:33] [WARN] Failed to calculate OLS regression (variance of X might be too small).
[2026-07-12 15:35:34] [WARN] Failed to calculate OLS regression (variance of X might be too small).
[2026-07-12 15:35:35] [WARN] Failed to calculate OLS regression (variance of X might be too small).
[2026-07-12 15:35:36] [WARN] Failed to calculate OLS regression (variance of X might be too small).
[2026-07-12 15:35:37] [WARN] Failed to calculate OLS regression (variance of X might be too small).
[2026-07-12 15:35:38] [WARN] Failed to calculate OLS regression (variance of X might be too small).
[2026-07-12 15:35:39] [WARN] Failed to calculate OLS regression (variance of X might be too small).
[2026-07-12 15:35:40] [WARN] Failed to calculate OLS regression (variance of X might be too small).
[2026-07-12 15:35:41] [WARN] Failed to calculate OLS regression (variance of X might be too small).
[2026-07-12 15:35:42] [WARN] Failed to calculate OLS regression (variance of X might be too small).
[2026-07-12 15:35:43] [WARN] Failed to calculate OLS regression (variance of X might be too small).
[2026-07-12 15:35:44] [WARN] Failed to calculate OLS regression (variance of X might be too small).
[2026-07-12 15:35:45] [WARN] Failed to calculate OLS regression (variance of X might be too small).
[2026-07-12 15:35:46] [WARN] Failed to calculate OLS regression (variance of X might be too small).
[2026-07-12 15:35:47] [WARN] Failed to calculate OLS regression (variance of X might be too small).
[2026-07-12 15:35:48] [WARN] Failed to calculate OLS regression (variance of X might be too small).
[2026-07-12 15:35:49] [WARN] Failed to calculate OLS regression (variance of X might be too small).
[2026-07-12 15:35:50] [WARN] Failed to calculate OLS regression (variance of X might be too small).
[2026-07-12 15:35:51] [WARN] Failed to calculate OLS regression (variance of X might be too small).
[2026-07-12 15:35:52] [WARN] Failed to calculate OLS regression (variance of X might be too small).
[2026-07-12 15:35:53] [WARN] Failed to calculate OLS regression (variance of X might be too small).
[2026-07-12 15:35:54] [WARN] Failed to calculate OLS regression (variance of X might be too small).
[2026-07-12 15:35:55] [WARN] Failed to calculate OLS regression (variance of X might be too small).
[2026-07-12 15:35:56] [WARN] Failed to calculate OLS regression (variance of X might be too small).
[2026-07-12 15:35:57] [WARN] Failed to calculate OLS regression (variance of X might be too small).
[2026-07-12 15:35:58] [WARN] Failed to calculate OLS regression (variance of X might be too small).
[2026-07-12 15:35:59] [WARN] Failed to calculate OLS regression (variance of X might be too small).
[2026-07-12 15:36:00] [WARN] Failed to calculate OLS regression (variance of X might be too small).
[2026-07-12 15:36:01] [WARN] Failed to calculate OLS regression (variance of X might be too small).
[2026-07-12 15:36:02] [WARN] Failed to calculate OLS regression (variance of X might be too small).
[2026-07-12 15:36:03] [WARN] Failed to calculate OLS regression (variance of X might be too small).
[2026-07-12 15:36:04] [WARN] Failed to calculate OLS regression (variance of X might be too small).
[2026-07-12 15:36:05] [WARN] Failed to calculate OLS regression (variance of X might be too small).
[2026-07-12 15:36:06] [WARN] Failed to calculate OLS regression (variance of X might be too small).
[2026-07-12 15:36:07] [WARN] Failed to calculate OLS regression (variance of X might be too small).
[2026-07-12 15:36:08] [WARN] Failed to calculate OLS regression (variance of X might be too small).
[2026-07-12 15:36:09] [WARN] Failed to calculate OLS regression (variance of X might be too small).
[2026-07-12 15:36:10] [WARN] Failed to calculate OLS regression (variance of X might be too small).
[2026-07-12 15:36:11] [WARN] Failed to calculate OLS regression (variance of X might be too small).
[2026-07-12 15:36:12] [WARN] Failed to calculate OLS regression (variance of X might be too small).
[2026-07-12 15:36:13] [WARN] Failed to calculate OLS regression (variance of X might be too small).
[2026-07-12 15:36:14] [WARN] Failed to calculate OLS regression (variance of X might be too small).
[2026-07-12 15:36:15] [WARN] Failed to calculate OLS regression (variance of X might be too small).
[2026-07-12 15:36:16] [WARN] Failed to calculate OLS regression (variance of X might be too small).
[2026-07-12 15:36:17] [WARN] Failed to calculate OLS regression (variance of X might be too small).
[2026-07-12 15:36:18] [WARN] Failed to calculate OLS regression (variance of X might be too small).
[2026-07-12 15:36:19] [WARN] Failed to calculate OLS regression (variance of X might be too small).
[2026-07-12 15:36:20] [WARN] Failed to calculate OLS regression (variance of X might be too small).
[2026-07-12 15:36:21] [WARN] Failed to calculate OLS regression (variance of X might be too small).
[2026-07-12 15:36:22] [WARN] Failed to calculate OLS regression (variance of X might be too small).
[2026-07-12 15:36:23] [WARN] Failed to calculate OLS regression (variance of X might be too small).
[2026-07-12 15:36:24] [WARN] Failed to calculate OLS regression (variance of X might be too small).
[2026-07-12 15:36:25] [WARN] Failed to calculate OLS regression (variance of X might be too small).
[2026-07-12 15:36:26] [WARN] Failed to calculate OLS regression (variance of X might be too small).
[2026-07-12 15:36:27] [WARN] Failed to calculate OLS regression (variance of X might be too small).
[2026-07-12 15:36:28] [WARN] Failed to calculate OLS regression (variance of X might be too small).
[2026-07-12 15:36:29] [WARN] Failed to calculate OLS regression (variance of X might be too small).
[2026-07-12 15:36:30] [WARN] Failed to calculate OLS regression (variance of X might be too small).
[2026-07-12 15:36:31] [WARN] Failed to calculate OLS regression (variance of X might be too small).
[2026-07-12 15:36:32] [WARN] Failed to calculate OLS regression (variance of X might be too small).
[2026-07-12 17:14:26] [WARN] Failed to calculate OLS regression (variance of X might be too small).
[2026-07-12 17:14:27] [WARN] Failed to calculate OLS regression (variance of X might be too small).
[2026-07-12 17:14:28] [WARN] Failed to calculate OLS regression (variance of X might be too small).
[2026-07-12 17:14:29] [WARN] Failed to calculate OLS regression (variance of X might be too small).
[2026-07-12 17:14:30] [WARN] Failed to calculate OLS regression (variance of X might be too small).
[2026-07-12 17:14:31] [WARN] Failed to calculate OLS regression (variance of X might be too small).
[2026-07-12 17:14:32] [WARN] Failed to calculate OLS regression (variance of X might be too small).
[2026-07-12 17:14:33] [WARN] Failed to calculate OLS regression (variance of X might be too small).
[2026-07-12 17:14:34] [WARN] Failed to calculate OLS regression (variance of X might be too small).
[2026-07-12 17:14:35] [WARN] Failed to calculate OLS regression (variance of X might be too small).
[2026-07-12 17:14:36] [WARN] Failed to calculate OLS regression (variance of X might be too small).
[2026-07-12 17:14:37] [WARN] Failed to calculate OLS regression (variance of X might be too small).
[2026-07-12 17:14:38] [WARN] Failed to calculate OLS regression (variance of X might be too small).
[2026-07-12 17:14:39] [WARN] Failed to calculate OLS regression (variance of X might be too small).
[2026-07-12 17:14:40] [WARN] Failed to calculate OLS regression (variance of X might be too small).
[2026-07-12 18:08:19] [WARN] Failed to calculate OLS regression (variance of X might be too small).
[2026-07-12 18:08:20] [WARN] Failed to calculate OLS regression (variance of X might be too small).
[2026-07-12 18:08:21] [WARN] Failed to calculate OLS regression (variance of X might be too small).
[2026-07-12 18:08:22] [WARN] Failed to calculate OLS regression (variance of X might be too small).
[2026-07-12 18:08:23] [WARN] Failed to calculate OLS regression (variance of X might be too small).
[2026-07-12 18:08:24] [WARN] Failed to calculate OLS regression (variance of X might be too small).
[2026-07-12 18:08:25] [WARN] Failed to calculate OLS regression (variance of X might be too small).
[2026-07-12 18:08:26] [WARN] Failed to calculate OLS regression (variance of X might be too small).
[2026-07-12 18:08:27] [WARN] Failed to calculate OLS regression (variance of X might be too small).
[2026-07-12 18:08:28] [WARN] Failed to calculate OLS regression (variance of X might be too small).
[2026-07-12 18:08:30] [WARN] Failed to calculate OLS regression (variance of X might be too small).
[2026-07-12 18:49:35] [WARN] Failed to calculate OLS regression (variance of X might be too small).
[2026-07-12 18:49:36] [WARN] Failed to calculate OLS regression (variance of X might be too small).
[2026-07-12 18:49:37] [WARN] Failed to calculate OLS regression (variance of X might be too small).
[2026-07-12 18:49:38] [WARN] Failed to calculate OLS regression (variance of X might be too small).
[2026-07-12 18:49:39] [WARN] Failed to calculate OLS regression (variance of X might be too small).
[2026-07-12 18:49:40] [WARN] Failed to calculate OLS regression (variance of X might be too small).
[2026-07-12 18:49:41] [WARN] Failed to calculate OLS regression (variance of X might be too small).
[2026-07-12 18:49:42] [WARN] Failed to calculate OLS regression (variance of X might be too small).
[2026-07-12 18:49:43] [WARN] Failed to calculate OLS regression (variance of X might be too small).
[2026-07-12 18:49:44] [WARN] Failed to calculate OLS regression (variance of X might be too small).
[2026-07-12 18:49:45] [WARN] Failed to calculate OLS regression (variance of X might be too small).
[2026-07-12 18:49:46] [WARN] Failed to calculate OLS regression (variance of X might be too small).
[2026-07-12 18:49:47] [WARN] Failed to calculate OLS regression (variance of X might be too small).
[2026-07-12 18:49:48] [WARN] Failed to calculate OLS regression (variance of X might be too small).
[2026-07-12 18:49:49] [WARN] Failed to calculate OLS regression (variance of X might be too small).
[2026-07-12 18:49:50] [WARN] Failed to calculate OLS regression (variance of X might be too small).
[2026-07-12 18:49:51] [WARN] Failed to calculate OLS regression (variance of X might be too small).
[2026-07-12 18:49:52] [WARN] Failed to calculate OLS regression (variance of X might be too small).
[2026-07-12 18:49:53] [WARN] Failed to calculate OLS regression (variance of X might be too small).
[2026-07-12 18:49:54] [WARN] Failed to calculate OLS regression (variance of X might be too small).
[2026-07-12 18:49:55] [WARN] Failed to calculate OLS regression (variance of X might be too small).
[2026-07-12 18:49:56] [WARN] Failed to calculate OLS regression (variance of X might be too small).
[2026-07-12 18:49:57] [WARN] Failed to calculate OLS regression (variance of X might be too small).
[2026-07-12 18:49:58] [WARN] Failed to calculate OLS regression (variance of X might be too small).
[2026-07-12 18:49:59] [WARN] Failed to calculate OLS regression (variance of X might be too small).
[2026-07-12 18:50:00] [WARN] Failed to calculate OLS regression (variance of X might be too small).
[2026-07-12 18:50:01] [WARN] Failed to calculate OLS regression (variance of X might be too small).
[2026-07-12 18:50:02] [WARN] Failed to calculate OLS regression (variance of X might be too small).
[2026-07-12 18:50:03] [WARN] Failed to calculate OLS regression (variance of X might be too small).
[2026-07-12 18:50:04] [WARN] Failed to calculate OLS regression (variance of X might be too small).
[2026-07-12 18:50:05] [WARN] Failed to calculate OLS regression (variance of X might be too small).
[2026-07-12 18:50:06] [WARN] Failed to calculate OLS regression (variance of X might be too small).
[2026-07-12 18:50:07] [WARN] Failed to calculate OLS regression (variance of X might be too small).
[2026-07-12 18:50:08] [WARN] Failed to calculate OLS regression (variance of X might be too small).
[2026-07-12 18:50:09] [WARN] Failed to calculate OLS regression (variance of X might be too small).
[2026-07-12 18:55:00] [WARN] Failed to calculate OLS regression (variance of X might be too small).
[2026-07-12 18:55:01] [WARN] Failed to calculate OLS regression (variance of X might be too small).
[2026-07-12 18:55:02] [WARN] Failed to calculate OLS regression (variance of X might be too small).
[2026-07-12 19:07:45] [WARN] Failed to calculate OLS regression (variance of X might be too small).
[2026-07-12 19:07:46] [WARN] Failed to calculate OLS regression (variance of X might be too small).
[2026-07-12 19:07:47] [WARN] Failed to calculate OLS regression (variance of X might be too small).
[2026-07-12 19:07:48] [WARN] Failed to calculate OLS regression (variance of X might be too small).
[2026-07-12 19:07:49] [WARN] Failed to calculate OLS regression (variance of X might be too small).
[2026-07-12 19:07:50] [WARN] Failed to calculate OLS regression (variance of X might be too small).
[2026-07-12 19:07:51] [WARN] Failed to calculate OLS regression (variance of X might be too small).
[2026-07-12 19:07:52] [WARN] Failed to calculate OLS regression (variance of X might be too small).
[2026-07-12 19:07:53] [WARN] Failed to calculate OLS regression (variance of X might be too small).
[2026-07-12 19:07:54] [WARN] Failed to calculate OLS regression (variance of X might be too small).
[2026-07-12 19:07:55] [WARN] Failed to calculate OLS regression (variance of X might be too small).
[2026-07-12 19:07:56] [WARN] Failed to calculate OLS regression (variance of X might be too small).
[2026-07-12 19:07:57] [WARN] Failed to calculate OLS regression (variance of X might be too small).
[2026-07-12 19:07:58] [WARN] Failed to calculate OLS regression (variance of X might be too small).
[2026-07-12 19:07:59] [WARN] Failed to calculate OLS regression (variance of X might be too small).
[2026-07-12 19:08:00] [WARN] Failed to calculate OLS regression (variance of X might be too small).
[2026-07-12 19:08:01] [WARN] Failed to calculate OLS regression (variance of X might be too small).
[2026-07-12 19:08:02] [WARN] Failed to calculate OLS regression (variance of X might be too small).
[2026-07-12 19:41:24] [WARN] Failed to calculate OLS regression (variance of X might be too small).
[2026-07-12 19:41:25] [WARN] Failed to calculate OLS regression (variance of X might be too small).
[2026-07-12 19:41:26] [WARN] Failed to calculate OLS regression (variance of X might be too small).
[2026-07-12 19:41:27] [WARN] Failed to calculate OLS regression (variance of X might be too small).
[2026-07-12 19:41:28] [WARN] Failed to calculate OLS regression (variance of X might be too small).
[2026-07-12 19:41:29] [WARN] Failed to calculate OLS regression (variance of X might be too small).
[2026-07-12 19:41:30] [WARN] Failed to calculate OLS regression (variance of X might be too small).
[2026-07-12 19:41:31] [WARN] Failed to calculate OLS regression (variance of X might be too small).
[2026-07-12 19:41:32] [WARN] Failed to calculate OLS regression (variance of X might be too small).
[2026-07-12 19:41:33] [WARN] Failed to calculate OLS regression (variance of X might be too small).
[2026-07-12 19:41:34] [WARN] Failed to calculate OLS regression (variance of X might be too small).
[2026-07-12 19:41:35] [WARN] Failed to calculate OLS regression (variance of X might be too small).
[2026-07-12 19:41:36] [WARN] Failed to calculate OLS regression (variance of X might be too small).
[2026-07-12 19:41:37] [WARN] Failed to calculate OLS regression (variance of X might be too small).
[2026-07-12 19:41:38] [WARN] Failed to calculate OLS regression (variance of X might be too small).
[2026-07-12 19:41:39] [WARN] Failed to calculate OLS regression (variance of X might be too small).
[2026-07-12 19:41:40] [WARN] Failed to calculate OLS regression (variance of X might be too small).
[2026-07-12 19:41:41] [WARN] Failed to calculate OLS regression (variance of X might be too small).
[2026-07-12 19:41:42] [WARN] Failed to calculate OLS regression (variance of X might be too small).
[2026-07-12 19:41:43] [WARN] Failed to calculate OLS regression (variance of X might be too small).
[2026-07-12 19:41:44] [WARN] Failed to calculate OLS regression (variance of X might be too small).
[2026-07-12 19:41:45] [WARN] Failed to calculate OLS regression (variance of X might be too small).
[2026-07-12 19:41:46] [WARN] Failed to calculate OLS regression (variance of X might be too small).
[2026-07-12 19:41:47] [WARN] Failed to calculate OLS regression (variance of X might be too small).
[2026-07-12 19:41:48] [WARN] Failed to calculate OLS regression (variance of X might be too small).
[2026-07-12 19:41:49] [WARN] Failed to calculate OLS regression (variance of X might be too small).
[2026-07-12 19:41:50] [WARN] Failed to calculate OLS regression (variance of X might be too small).
[2026-07-12 19:41:51] [WARN] Failed to calculate OLS regression (variance of X might be too small).
[2026-07-12 19:41:52] [WARN] Failed to calculate OLS regression (variance of X might be too small).
[2026-07-12 19:41:53] [WARN] Failed to calculate OLS regression (variance of X might be too small).
[2026-07-12 19:41:54] [WARN] Failed to calculate OLS regression (variance of X might be too small).
[2026-07-12 19:41:55] [WARN] Failed to calculate OLS regression (variance of X might be too small).
[2026-07-12 19:41:56] [WARN] Failed to calculate OLS regression (variance of X might be too small).
[2026-07-12 19:41:57] [WARN] Failed to calculate OLS regression (variance of X might be too small).
[2026-07-12 19:41:58] [WARN] Failed to calculate OLS regression (variance of X might be too small).
[2026-07-12 19:41:59] [WARN] Failed to calculate OLS regression (variance of X might be too small).
[2026-07-12 19:42:00] [WARN] Failed to calculate OLS regression (variance of X might be too small).
[2026-07-12 19:42:01] [WARN] Failed to calculate OLS regression (variance of X might be too small).
[2026-07-12 19:42:02] [WARN] Failed to calculate OLS regression (variance of X might be too small).
[2026-07-12 19:42:03] [WARN] Failed to calculate OLS regression (variance of X might be too small).
[2026-07-12 19:42:04] [WARN] Failed to calculate OLS regression (variance of X might be too small).
[2026-07-12 19:42:05] [WARN] Failed to calculate OLS regression (variance of X might be too small).
[2026-07-12 19:49:06] [WARN] Failed to calculate OLS regression (variance of X might be too small).
[2026-07-12 19:49:07] [WARN] Failed to calculate OLS regression (variance of X might be too small).
[2026-07-12 19:49:08] [WARN] Failed to calculate OLS regression (variance of X might be too small).
[2026-07-12 19:49:09] [WARN] Failed to calculate OLS regression (variance of X might be too small).
[2026-07-12 19:49:10] [WARN] Failed to calculate OLS regression (variance of X might be too small).
[2026-07-12 19:49:11] [WARN] Failed to calculate OLS regression (variance of X might be too small).
[2026-07-12 19:49:12] [WARN] Failed to calculate OLS regression (variance of X might be too small).
[2026-07-12 19:49:13] [WARN] Failed to calculate OLS regression (variance of X might be too small).
[2026-07-12 19:49:14] [WARN] Failed to calculate OLS regression (variance of X might be too small).
[2026-07-12 19:49:15] [WARN] Failed to calculate OLS regression (variance of X might be too small).
[2026-07-12 19:49:16] [WARN] Failed to calculate OLS regression (variance of X might be too small).
[2026-07-12 19:49:17] [WARN] Failed to calculate OLS regression (variance of X might be too small).
[2026-07-12 19:49:18] [WARN] Failed to calculate OLS regression (variance of X might be too small).
[2026-07-12 19:49:19] [WARN] Failed to calculate OLS regression (variance of X might be too small).
[2026-07-12 19:49:20] [WARN] Failed to calculate OLS regression (variance of X might be too small).
[2026-07-12 19:49:21] [WARN] Failed to calculate OLS regression (variance of X might be too small).
[2026-07-12 19:49:22] [WARN] Failed to calculate OLS regression (variance of X might be too small).
[2026-07-12 19:49:23] [WARN] Failed to calculate OLS regression (variance of X might be too small).
[2026-07-12 19:49:24] [WARN] Failed to calculate OLS regression (variance of X might be too small).
[2026-07-12 19:49:25] [WARN] Failed to calculate OLS regression (variance of X might be too small).
[2026-07-12 19:49:26] [WARN] Failed to calculate OLS regression (variance of X might be too small).
[2026-07-12 19:49:27] [WARN] Failed to calculate OLS regression (variance of X might be too small).
[2026-07-12 19:49:28] [WARN] Failed to calculate OLS regression (variance of X might be too small).
[2026-07-12 19:49:29] [WARN] Failed to calculate OLS regression (variance of X might be too small).
[2026-07-12 19:49:30] [WARN] Failed to calculate OLS regression (variance of X might be too small).
[2026-07-12 19:49:31] [WARN] Failed to calculate OLS regression (variance of X might be too small).
[2026-07-12 19:49:32] [WARN] Failed to calculate OLS regression (variance of X might be too small).
[2026-07-12 19:49:33] [WARN] Failed to calculate OLS regression (variance of X might be too small).
[2026-07-12 19:49:34] [WARN] Failed to calculate OLS regression (variance of X might be too small).
[2026-07-12 19:49:35] [WARN] Failed to calculate OLS regression (variance of X might be too small).
[2026-07-12 19:49:36] [WARN] Failed to calculate OLS regression (variance of X might be too small).
[2026-07-12 19:49:37] [WARN] Failed to calculate OLS regression (variance of X might be too small).
[2026-07-12 19:58:49] [WARN] Failed to calculate OLS regression (variance of X might be too small).
[2026-07-12 19:58:50] [WARN] Failed to calculate OLS regression (variance of X might be too small).
[2026-07-12 19:58:51] [WARN] Failed to calculate OLS regression (variance of X might be too small).
[2026-07-12 19:58:52] [WARN] Failed to calculate OLS regression (variance of X might be too small).
[2026-07-12 19:58:53] [WARN] Failed to calculate OLS regression (variance of X might be too small).
[2026-07-12 19:58:54] [WARN] Failed to calculate OLS regression (variance of X might be too small).
[2026-07-12 19:58:55] [WARN] Failed to calculate OLS regression (variance of X might be too small).
[2026-07-12 19:58:56] [WARN] Failed to calculate OLS regression (variance of X might be too small).
[2026-07-12 19:58:57] [WARN] Failed to calculate OLS regression (variance of X might be too small).
[2026-07-12 19:58:58] [WARN] Failed to calculate OLS regression (variance of X might be too small).
[2026-07-12 19:58:59] [WARN] Failed to calculate OLS regression (variance of X might be too small).
[2026-07-12 19:59:00] [WARN] Failed to calculate OLS regression (variance of X might be too small).
[2026-07-12 19:59:01] [WARN] Failed to calculate OLS regression (variance of X might be too small).
[2026-07-12 19:59:02] [WARN] Failed to calculate OLS regression (variance of X might be too small).
[2026-07-12 20:11:31] [WARN] Failed to calculate OLS regression (variance of X might be too small).
[2026-07-12 20:11:32] [WARN] Failed to calculate OLS regression (variance of X might be too small).
[2026-07-12 20:11:33] [WARN] Failed to calculate OLS regression (variance of X might be too small).
[2026-07-12 20:11:34] [WARN] Failed to calculate OLS regression (variance of X might be too small).
[2026-07-12 20:11:35] [WARN] Failed to calculate OLS regression (variance of X might be too small).
[2026-07-12 20:11:36] [WARN] Failed to calculate OLS regression (variance of X might be too small).
[2026-07-12 20:11:37] [WARN] Failed to calculate OLS regression (variance of X might be too small).
[2026-07-12 20:11:38] [WARN] Failed to calculate OLS regression (variance of X might be too small).
[2026-07-12 20:19:13] [WARN] Failed to calculate OLS regression (variance of X might be too small).
[2026-07-12 20:19:14] [WARN] Failed to calculate OLS regression (variance of X might be too small).
[2026-07-12 20:19:15] [WARN] Failed to calculate OLS regression (variance of X might be too small).
[2026-07-12 20:19:16] [WARN] Failed to calculate OLS regression (variance of X might be too small).
[2026-07-12 20:19:17] [WARN] Failed to calculate OLS regression (variance of X might be too small).
[2026-07-12 20:19:18] [WARN] Failed to calculate OLS regression (variance of X might be too small).
[2026-07-12 20:19:19] [WARN] Failed to calculate OLS regression (variance of X might be too small).
[2026-07-12 20:19:20] [WARN] Failed to calculate OLS regression (variance of X might be too small).
[2026-07-12 20:19:21] [WARN] Failed to calculate OLS regression (variance of X might be too small).
[2026-07-12 20:19:22] [WARN] Failed to calculate OLS regression (variance of X might be too small).
[2026-07-12 20:19:23] [WARN] Failed to calculate OLS regression (variance of X might be too small).
[2026-07-12 20:19:24] [WARN] Failed to calculate OLS regression (variance of X might be too small).
[2026-07-12 20:19:25] [WARN] Failed to calculate OLS regression (variance of X might be too small).
[2026-07-12 20:19:26] [WARN] Failed to calculate OLS regression (variance of X might be too small).
[2026-07-12 20:19:27] [WARN] Failed to calculate OLS regression (variance of X might be too small).
[2026-07-12 20:19:28] [WARN] Failed to calculate OLS regression (variance of X might be too small).
[2026-07-12 20:19:29] [WARN] Failed to calculate OLS regression (variance of X might be too small).
[2026-07-12 20:19:30] [WARN] Failed to calculate OLS regression (variance of X might be too small).
[2026-07-12 20:19:31] [WARN] Failed to calculate OLS regression (variance of X might be too small).
[2026-07-12 20:19:32] [WARN] Failed to calculate OLS regression (variance of X might be too small).
[2026-07-12 20:19:33] [WARN] Failed to calculate OLS regression (variance of X might be too small).
[2026-07-12 20:19:34] [WARN] Failed to calculate OLS regression (variance of X might be too small).
[2026-07-12 20:19:35] [WARN] Failed to calculate OLS regression (variance of X might be too small).
