Memulai Bot Trading OKX (Dengan PostgreSQL & Server)...
Melakukan sinkronisasi data kline awal dari OKX...
Web Server OKX aktif di http://127.0.0.1:8091
[2026-07-02 12:34:56] Terhubung ke OKX WebSocket untuk harga real-time
[2026-07-02 12:34:58] Siklus Menit Baru. Harga BTC Terakhir (OKX): $60793.20
[ANALIS] State: BEARISH | EMA13/34: $60781.4/$60790.2 | VWAP Sesi: $60833.36 | Vol Surge: 1.2x | BB50: [$60688.34 - $60897.26] | Tren 15m: BEARISH
[DEBUG] EMA streak: 0 | EMA13: 60781.38 | EMA34: 60790.23 | Selisih: -8.85
[2026-07-02 12:34:58] Keputusan analis: Wait
[2026-07-02 12:34:58] Validasi gagal / keputusan WAIT. Tidak ada eksekusi.
[2026-07-02 12:35:59] Siklus Menit Baru. Harga BTC Terakhir (OKX): $60863.00
[ANALIS] State: BEARISH | EMA13/34: $60793.2/$60794.6 | VWAP Sesi: $60834.29 | Vol Surge: 2.1x | BB50: [$60688.25 - $60900.87] | Tren 15m: BULLISH
[DEBUG] EMA streak: 0 | EMA13: 60793.21 | EMA34: 60794.60 | Selisih: -1.39
[2026-07-02 12:35:59] Keputusan analis: Wait
[2026-07-02 12:35:59] Validasi gagal / keputusan WAIT. Tidak ada eksekusi.
[2026-07-02 12:36:59] Siklus Menit Baru. Harga BTC Terakhir (OKX): $60886.10
[ANALIS] State: BULLISH | EMA13/34: $60804.9/$60798.1 | VWAP Sesi: $60835.20 | Vol Surge: 1.6x | BB50: [$60687.91 - $60905.03] | Tren 15m: BULLISH
[DEBUG] EMA streak: 0 | EMA13: 60804.87 | EMA34: 60798.13 | Selisih: 6.75
[ANALIS-TRENDING] Quant Golden Cross (EMA13 > EMA34), Di atas VWAP ($60835.20), & Tren 15m Bullish. Sinyal BUY.
[2026-07-02 12:36:59] Keputusan analis: Buy(0.003284821987284454, "[Trending] Quant EMA13/34 Buy (Vol 1.6x)")
[2026-07-02 12:36:59] Mengeksekusi transaksi...
[2026-07-02 12:36:59] Eksekusi sukses. Saldo: $799.80, BTC: 0.0033
[2026-07-02 12:37:59] Siklus Menit Baru. Harga BTC Terakhir (OKX): $60805.40
[ANALIS] State: BULLISH | EMA13/34: $60805.9/$60799.5 | VWAP Sesi: $60832.67 | Vol Surge: 6.4x | BB50: [$60689.03 - $60906.07] | Tren 15m: BEARISH
[DEBUG] EMA streak: 0 | EMA13: 60805.86 | EMA34: 60799.49 | Selisih: 6.37
[ANALIS-TRENDING] Menunggu konfirmasi streak 2 menit. Saat ini: 1 menit.
[2026-07-02 12:37:59] Keputusan analis: Wait
[2026-07-02 12:37:59] Validasi gagal / keputusan WAIT. Tidak ada eksekusi.
[2026-07-02 12:38:59] Siklus Menit Baru. Harga BTC Terakhir (OKX): $60711.60
[ANALIS] State: BEARISH | EMA13/34: $60792.4/$60794.7 | VWAP Sesi: $60825.07 | Vol Surge: 4.1x | BB50: [$60685.49 - $60907.30] | Tren 15m: BEARISH
[DEBUG] EMA streak: 1 | EMA13: 60792.41 | EMA34: 60794.65 | Selisih: -2.24
[ANALIS-TRENDING] Sinyal melemah/Death Cross terkonfirmasi 2 menit berturut. Sinyal SELL.
[2026-07-02 12:38:59] Keputusan analis: Sell(0.003284821987284454, "[Trending] Quant EMA13/34 Sell Confirmed (2m streak)")
Mencegah Whipsaw (Holding time < 15 menit). Beli terakhir 2 menit lalu. Sinyal normal ([Trending] Quant EMA13/34 Sell Confirmed (2m streak)) diabaikan.
[2026-07-02 12:38:59] Validasi gagal / keputusan WAIT. Tidak ada eksekusi.
[2026-07-02 12:39:59] Siklus Menit Baru. Harga BTC Terakhir (OKX): $60678.00
[ANALIS] State: BEARISH | EMA13/34: $60773.0/$60787.8 | VWAP Sesi: $60816.18 | Vol Surge: 3.0x | BB50: [$60676.78 - $60911.25] | Tren 15m: BEARISH
[DEBUG] EMA streak: 0 | EMA13: 60772.98 | EMA34: 60787.75 | Selisih: -14.77
[ANALIS-TRENDING] Menunggu konfirmasi streak 2 menit. Saat ini: 1 menit.
[2026-07-02 12:39:59] Keputusan analis: Wait
[2026-07-02 12:39:59] Validasi gagal / keputusan WAIT. Tidak ada eksekusi.
[2026-07-02 12:41:00] Siklus Menit Baru. Harga BTC Terakhir (OKX): $60677.10
[ANALIS] State: BEARISH | EMA13/34: $60759.6/$60783.8 | VWAP Sesi: $60810.72 | Vol Surge: 2.3x | BB50: [$60670.24 - $60913.24] | Tren 15m: BEARISH
[DEBUG] EMA streak: 1 | EMA13: 60759.65 | EMA34: 60783.75 | Selisih: -24.11
[ANALIS-TRENDING] Sinyal melemah/Death Cross terkonfirmasi 2 menit berturut. Sinyal SELL.
[2026-07-02 12:41:00] Keputusan analis: Sell(0.003284821987284454, "[Trending] Quant EMA13/34 Sell Confirmed (2m streak)")
Mencegah Whipsaw (Holding time < 15 menit). Beli terakhir 4 menit lalu. Sinyal normal ([Trending] Quant EMA13/34 Sell Confirmed (2m streak)) diabaikan.
[2026-07-02 12:41:00] Validasi gagal / keputusan WAIT. Tidak ada eksekusi.
[2026-07-02 12:42:00] Siklus Menit Baru. Harga BTC Terakhir (OKX): $60650.30
[ANALIS] State: BEARISH | EMA13/34: $60744.0/$60776.2 | VWAP Sesi: $60798.02 | Vol Surge: 5.0x | BB50: [$60660.93 - $60915.18] | Tren 15m: BEARISH
[DEBUG] EMA streak: 0 | EMA13: 60744.03 | EMA34: 60776.21 | Selisih: -32.19
[ANALIS-TRENDING] Menunggu konfirmasi streak 2 menit. Saat ini: 1 menit.
[2026-07-02 12:42:00] Keputusan analis: Wait
[2026-07-02 12:42:00] Validasi gagal / keputusan WAIT. Tidak ada eksekusi.
[2026-07-02 12:43:00] Siklus Menit Baru. Harga BTC Terakhir (OKX): $60614.60
[ANALIS] State: BEARISH | EMA13/34: $60725.6/$60769.4 | VWAP Sesi: $60787.05 | Vol Surge: 3.7x | BB50: [$60648.33 - $60918.91] | Tren 15m: BEARISH
[DEBUG] EMA streak: 1 | EMA13: 60725.56 | EMA34: 60769.43 | Selisih: -43.87
[ANALIS-TRENDING] Sinyal melemah/Death Cross terkonfirmasi 2 menit berturut. Sinyal SELL.
[2026-07-02 12:43:00] Keputusan analis: Sell(0.003284821987284454, "[Trending] Quant EMA13/34 Sell Confirmed (2m streak)")
Mencegah Whipsaw (Holding time < 15 menit). Beli terakhir 6 menit lalu. Sinyal normal ([Trending] Quant EMA13/34 Sell Confirmed (2m streak)) diabaikan.
[2026-07-02 12:43:00] Validasi gagal / keputusan WAIT. Tidak ada eksekusi.
[2026-07-02 12:44:00] Siklus Menit Baru. Harga BTC Terakhir (OKX): $60677.10
[ANALIS] State: BEARISH | EMA13/34: $60718.6/$60762.7 | VWAP Sesi: $60784.68 | Vol Surge: 1.4x | BB50: [$60644.02 - $60915.00] | Tren 15m: BEARISH
[DEBUG] EMA streak: 0 | EMA13: 60718.64 | EMA34: 60762.71 | Selisih: -44.07
[ANALIS-TRENDING] Menunggu konfirmasi streak 2 menit. Saat ini: 1 menit.
[2026-07-02 12:44:00] Keputusan analis: Wait
[2026-07-02 12:44:00] Validasi gagal / keputusan WAIT. Tidak ada eksekusi.
[2026-07-02 12:45:00] Siklus Menit Baru. Harga BTC Terakhir (OKX): $60624.40
[ANALIS] State: BEARISH | EMA13/34: $60705.1/$60753.2 | VWAP Sesi: $60773.40 | Vol Surge: 4.9x | BB50: [$60634.40 - $60915.39] | Tren 15m: BEARISH
[DEBUG] EMA streak: 1 | EMA13: 60705.15 | EMA34: 60753.23 | Selisih: -48.08
[ANALIS-TRENDING] Sinyal melemah/Death Cross terkonfirmasi 2 menit berturut. Sinyal SELL.
[2026-07-02 12:45:00] Keputusan analis: Sell(0.003284821987284454, "[Trending] Quant EMA13/34 Sell Confirmed (2m streak)")
Mencegah Whipsaw (Holding time < 15 menit). Beli terakhir 8 menit lalu. Sinyal normal ([Trending] Quant EMA13/34 Sell Confirmed (2m streak)) diabaikan.
[2026-07-02 12:45:00] Validasi gagal / keputusan WAIT. Tidak ada eksekusi.
[2026-07-02 12:46:00] Siklus Menit Baru. Harga BTC Terakhir (OKX): $60675.00
[ANALIS] State: BEARISH | EMA13/34: $60698.7/$60748.6 | VWAP Sesi: $60768.28 | Vol Surge: 3.1x | BB50: [$60628.22 - $60914.94] | Tren 15m: BEARISH
[DEBUG] EMA streak: 0 | EMA13: 60698.66 | EMA34: 60748.62 | Selisih: -49.96
[ANALIS-TRENDING] Menunggu konfirmasi streak 2 menit. Saat ini: 1 menit.
[2026-07-02 12:46:00] Keputusan analis: Wait
[2026-07-02 12:46:00] Validasi gagal / keputusan WAIT. Tidak ada eksekusi.
[2026-07-02 12:47:01] Siklus Menit Baru. Harga BTC Terakhir (OKX): $60619.60
[ANALIS] State: BEARISH | EMA13/34: $60687.4/$60739.2 | VWAP Sesi: $60758.65 | Vol Surge: 4.3x | BB50: [$60619.01 - $60915.34] | Tren 15m: BEARISH
[DEBUG] EMA streak: 1 | EMA13: 60687.35 | EMA34: 60739.17 | Selisih: -51.82
[ANALIS-TRENDING] Sinyal melemah/Death Cross terkonfirmasi 2 menit berturut. Sinyal SELL.
[2026-07-02 12:47:01] Keputusan analis: Sell(0.003284821987284454, "[Trending] Quant EMA13/34 Sell Confirmed (2m streak)")
Mencegah Whipsaw (Holding time < 15 menit). Beli terakhir 10 menit lalu. Sinyal normal ([Trending] Quant EMA13/34 Sell Confirmed (2m streak)) diabaikan.
[2026-07-02 12:47:01] Validasi gagal / keputusan WAIT. Tidak ada eksekusi.
[2026-07-02 12:48:01] Siklus Menit Baru. Harga BTC Terakhir (OKX): $60587.20
[ANALIS] State: BEARISH | EMA13/34: $60673.1/$60732.1 | VWAP Sesi: $60749.59 | Vol Surge: 3.5x | BB50: [$60606.76 - $60919.08] | Tren 15m: BEARISH
[DEBUG] EMA streak: 0 | EMA13: 60673.06 | EMA34: 60732.13 | Selisih: -59.07
[ANALIS-TRENDING] Menunggu konfirmasi streak 2 menit. Saat ini: 1 menit.
[2026-07-02 12:48:01] Keputusan analis: Wait
[2026-07-02 12:48:01] Validasi gagal / keputusan WAIT. Tidak ada eksekusi.
